// Vitest Snapshot v1, https://vitest.dev/guide/snapshot.html

exports[`audit redaction canaries > enumerates every application audit payload producer and shape 1`] = `
[
  {
    "action": ""settings.hosted_pricing_feedback.submit"",
    "after": "{ answered: true, category: "custom" }",
    "before": null,
    "input": "{ action: "settings.hosted_pricing_feedback.submit", actorId: actor.id, after: { answered: true, category: "custom" }, projectId: project.id, targetId: requiredPublicAuditId(project.publicId, "prj", "Project"), targetType: "project", }",
    "occurrence": 1,
    "path": "app/app/(workspace)/[project]/settings/(sections)/usage/actions.ts",
    "statusReason": null,
    "writer": "writeAudit",
  },
  {
    "action": ""project.delete"",
    "after": null,
    "before": "before",
    "input": "{ action: "project.delete", actorId: actor.id, before, projectId: project.id, targetId: requiredPublicAuditId(project.publicId, "prj", "Project"), targetType: "project", }",
    "occurrence": 1,
    "path": "app/app/(workspace)/[project]/settings/actions.ts",
    "statusReason": null,
    "writer": "writeAudit",
  },
  {
    "action": ""project.update"",
    "after": "updated",
    "before": "before",
    "input": "{ action: "project.update", actorId: actor.id, after: updated, before, projectId: project.id, targetId: requiredPublicAuditId(project.publicId, "prj", "Project"), targetType: "project", }",
    "occurrence": 1,
    "path": "app/app/(workspace)/[project]/settings/actions.ts",
    "statusReason": null,
    "writer": "writeAudit",
  },
  {
    "action": ""onboarding.matching_scope.set"",
    "after": "scope",
    "before": null,
    "input": "{ action: "onboarding.matching_scope.set", actorId: actor.id, after: scope, projectId: project.id, targetId: project.publicId, targetType: "project", }",
    "occurrence": 1,
    "path": "app/onboarding/actions.ts",
    "statusReason": null,
    "writer": "writeAudit",
  },
  {
    "action": ""account.profile_updated"",
    "after": "{ name: updated.name }",
    "before": "{ name: before.name }",
    "input": "{ action: "account.profile_updated", actorId: userId, after: { name: updated.name }, before: { name: before.name }, targetId: requiredPublicAuditId(before.publicId, "usr", "User"), targetType: "user", }",
    "occurrence": 1,
    "path": "lib/account/profile-service.ts",
    "statusReason": null,
    "writer": "writeAudit",
  },
  {
    "action": ""account.email_change_requested"",
    "after": "{ email: data.newEmail }",
    "before": "{ email: current.email }",
    "input": "{ action: "account.email_change_requested", actorId: session.user.id, after: { email: data.newEmail }, before: { email: current.email }, targetId: current.publicId, targetType: "user", }",
    "occurrence": 1,
    "path": "lib/actions/account-email.ts",
    "statusReason": null,
    "writer": "writeAudit",
  },
  {
    "action": ""account.email_changed"",
    "after": "{ email: updated.email }",
    "before": "{ email: current.email }",
    "input": "{ action: "account.email_changed", actorId: session.user.id, after: { email: updated.email }, before: { email: current.email }, targetId: current.publicId, targetType: "user", }",
    "occurrence": 1,
    "path": "lib/actions/account-email.ts",
    "statusReason": null,
    "writer": "writeAudit",
  },
  {
    "action": ""account.email_verification_requested"",
    "after": "{ email: data.email }",
    "before": null,
    "input": "{ action: "account.email_verification_requested", actorId: session.user.id, after: { email: data.email }, targetId: current.publicId, targetType: "user", }",
    "occurrence": 1,
    "path": "lib/actions/account-email.ts",
    "statusReason": null,
    "writer": "writeAudit",
  },
  {
    "action": ""account.email_verified"",
    "after": "{ email: updated.email, emailVerified: true }",
    "before": "{ email: current.email, emailVerified: false }",
    "input": "{ action: "account.email_verified", actorId: session.user.id, after: { email: updated.email, emailVerified: true }, before: { email: current.email, emailVerified: false }, targetId: current.publicId, targetType: "user", }",
    "occurrence": 1,
    "path": "lib/actions/account-email.ts",
    "statusReason": null,
    "writer": "writeAudit",
  },
  {
    "action": ""account.avatar_updated"",
    "after": "{ image: updated.image }",
    "before": "{ image: before.image }",
    "input": "{ action: "account.avatar_updated", actorId: session.user.id, after: { image: updated.image }, before: { image: before.image }, targetId: before.publicId ?? (await currentUserPublicId(session.user.id)), targetType: "user", }",
    "occurrence": 1,
    "path": "lib/actions/account.ts",
    "statusReason": null,
    "writer": "writeAudit",
  },
  {
    "action": ""account.deleted"",
    "after": null,
    "before": "{ counts: user._count, email: user.email, name: user.name }",
    "input": "{ action: "account.deleted", actorId: session.user.id, before: { counts: user._count, email: user.email, name: user.name }, targetId: user.publicId, targetType: "user", }",
    "occurrence": 1,
    "path": "lib/actions/account.ts",
    "statusReason": null,
    "writer": "writeAudit",
  },
  {
    "action": ""account.session_revoked"",
    "after": null,
    "before": "{ id: target.publicId, ipAddress: target.ipAddress, userAgent: target.userAgent }",
    "input": "{ action: "account.session_revoked", actorId: session.user.id, before: { id: target.publicId, ipAddress: target.ipAddress, userAgent: target.userAgent }, targetId: target.publicId ?? data.sessionId, targetType: "session", }",
    "occurrence": 1,
    "path": "lib/actions/account.ts",
    "statusReason": null,
    "writer": "writeAudit",
  },
  {
    "action": ""account.sessions_revoked"",
    "after": "{ revokedCount: count }",
    "before": null,
    "input": "{ action: "account.sessions_revoked", actorId: session.user.id, after: { revokedCount: count }, targetId: userPublicId, targetType: "user", }",
    "occurrence": 1,
    "path": "lib/actions/account.ts",
    "statusReason": null,
    "writer": "writeAudit",
  },
  {
    "action": ""instance_admin.delete_blocked"",
    "after": null,
    "before": "{ isInstanceAdmin: true }",
    "input": "{ action: "instance_admin.delete_blocked", actorId: session.user.id, before: { isInstanceAdmin: true }, status: "failed", statusReason: LAST_INSTANCE_ADMIN_MESSAGE, targetId: user.publicId, targetType: "user", }",
    "occurrence": 1,
    "path": "lib/actions/account.ts",
    "statusReason": "LAST_INSTANCE_ADMIN_MESSAGE",
    "writer": "writeAudit",
  },
  {
    "action": ""alert_rule.set_enabled"",
    "after": "{ enabled: rule.enabled }",
    "before": "{ enabled: before.enabled }",
    "input": "{ action: "alert_rule.set_enabled", actorId: actor.id, after: { enabled: rule.enabled }, before: { enabled: before.enabled }, projectId: project.id, targetId: requiredPublicAuditId(rule.publicId, "alr", "Alert rule"), targetType: "alert_rule", }",
    "occurrence": 1,
    "path": "lib/actions/alerts.ts",
    "statusReason": null,
    "writer": "writeAudit",
  },
  {
    "action": ""slack_connection.update"",
    "after": "{ enabled: connection.enabled }",
    "before": "{ enabled: before.enabled }",
    "input": "{ action: "slack_connection.update", actorId: actor.id, after: { enabled: connection.enabled }, before: { enabled: before.enabled }, projectId: project.id, targetId: requiredPublicAuditId(project.publicId, "prj", "Project"), targetType: "project", }",
    "occurrence": 1,
    "path": "lib/actions/alerts.ts",
    "statusReason": null,
    "writer": "writeAudit",
  },
  {
    "action": ""api_key.issue"",
    "after": "{ expiresAt: apiKey.expiresAt, id: apiKey.publicId, name: apiKey.name, prefix: apiKey.prefix, scope: data.scope, }",
    "before": null,
    "input": "{ action: "api_key.issue", actorId: actor.id, after: { expiresAt: apiKey.expiresAt, id: apiKey.publicId, name: apiKey.name, prefix: apiKey.prefix, scope: data.scope, }, projectId: project.id, targetId: requiredPublicId(apiKey.publicId), targetType: "api_key", }",
    "occurrence": 1,
    "path": "lib/actions/apiKey.ts",
    "statusReason": null,
    "writer": "writeAudit",
  },
  {
    "action": ""api_key.regenerate"",
    "after": "{ expiresAt: apiKey.expiresAt, id: apiKey.publicId, name: apiKey.name, prefix: apiKey.prefix, revokedId: revoked.publicId, }",
    "before": "{ id: before.publicId, name: before.name, revokedAt: before.revokedAt }",
    "input": "{ action: "api_key.regenerate", actorId: actor.id, after: { expiresAt: apiKey.expiresAt, id: apiKey.publicId, name: apiKey.name, prefix: apiKey.prefix, revokedId: revoked.publicId, }, before: { id: before.publicId, name: before.name, revokedAt: before.revokedAt }, projectId: project.id, targetId: requiredPublicId(apiKey.publicId), targetType: "api_key", }",
    "occurrence": 1,
    "path": "lib/actions/apiKey.ts",
    "statusReason": null,
    "writer": "writeAudit",
  },
  {
    "action": ""api_key.revoke"",
    "after": "{ id: apiKey.publicId, revokedAt: apiKey.revokedAt }",
    "before": "{ id: before.publicId, revokedAt: before.revokedAt }",
    "input": "{ action: "api_key.revoke", actorId: actor.id, after: { id: apiKey.publicId, revokedAt: apiKey.revokedAt }, before: { id: before.publicId, revokedAt: before.revokedAt }, projectId: project.id, targetId: requiredPublicId(apiKey.publicId), targetType: "api_key", }",
    "occurrence": 1,
    "path": "lib/actions/apiKey.ts",
    "statusReason": null,
    "writer": "writeAudit",
  },
  {
    "action": ""settings.budget_updated"",
    "after": "{ capCents: updated.budgetCapCents }",
    "before": "{ capCents: before.budgetCapCents }",
    "input": "{ action: "settings.budget_updated", actorId: actor.id, after: { capCents: updated.budgetCapCents }, before: { capCents: before.budgetCapCents }, projectId: project.id, targetId: requiredPublicAuditId(project.publicId, "prj", "Project"), targetType: "project", }",
    "occurrence": 1,
    "path": "lib/actions/budget.ts",
    "statusReason": null,
    "writer": "writeAudit",
  },
  {
    "action": ""competitor.add"",
    "after": "safeCompetitor(competitor)",
    "before": null,
    "input": "{ action: "competitor.add", actorId: actor.id, after: safeCompetitor(competitor), projectId: project.id, targetId: requiredPublicId(competitor.publicId), targetType: "competitor", }",
    "occurrence": 1,
    "path": "lib/actions/competitors.ts",
    "statusReason": null,
    "writer": "writeAudit",
  },
  {
    "action": ""competitor.remove"",
    "after": null,
    "before": "safeCompetitor(before)",
    "input": "{ action: "competitor.remove", actorId: actor.id, before: safeCompetitor(before), projectId: project.id, targetId: requiredPublicId(before.publicId), targetType: "competitor", }",
    "occurrence": 1,
    "path": "lib/actions/competitors.ts",
    "statusReason": null,
    "writer": "writeAudit",
  },
  {
    "action": ""competitor.rename"",
    "after": "safeCompetitor(competitor)",
    "before": "safeCompetitor(before)",
    "input": "{ action: "competitor.rename", actorId: actor.id, after: safeCompetitor(competitor), before: safeCompetitor(before), projectId: project.id, targetId: requiredPublicId(competitor.publicId), targetType: "competitor", }",
    "occurrence": 1,
    "path": "lib/actions/competitors.ts",
    "statusReason": null,
    "writer": "writeAudit",
  },
  {
    "action": ""ingest_hook.create"",
    "after": "safeHook(hook)",
    "before": null,
    "input": "{ action: "ingest_hook.create", actorId: actor.id, after: safeHook(hook), projectId: project.id, targetId: hook.publicId, targetType: "ingest_hook", }",
    "occurrence": 1,
    "path": "lib/actions/ingest-hooks.ts",
    "statusReason": null,
    "writer": "writeAudit",
  },
  {
    "action": ""ingest_hook.delete"",
    "after": null,
    "before": "safeHook(before)",
    "input": "{ action: "ingest_hook.delete", actorId: actor.id, before: safeHook(before), projectId: project.id, targetId: before.publicId, targetType: "ingest_hook", }",
    "occurrence": 1,
    "path": "lib/actions/ingest-hooks.ts",
    "statusReason": null,
    "writer": "writeAudit",
  },
  {
    "action": ""ingest_hook.disable"",
    "after": "safeHook(hook)",
    "before": "safeHook(before)",
    "input": "{ action: "ingest_hook.disable", actorId: actor.id, after: safeHook(hook), before: safeHook(before), projectId: project.id, targetId: hook.publicId, targetType: "ingest_hook", }",
    "occurrence": 1,
    "path": "lib/actions/ingest-hooks.ts",
    "statusReason": null,
    "writer": "writeAudit",
  },
  {
    "action": ""ingest_hook.rotate"",
    "after": "safeHook(updated)",
    "before": "safeHook(before)",
    "input": "{ action: "ingest_hook.rotate", actorId: actor.id, after: safeHook(updated), before: safeHook(before), projectId: project.id, targetId: updated.publicId, targetType: "ingest_hook", }",
    "occurrence": 1,
    "path": "lib/actions/ingest-hooks.ts",
    "statusReason": null,
    "writer": "writeAudit",
  },
  {
    "action": ""instance_admin.account_deactivate_blocked"",
    "after": null,
    "before": "{ deactivatedAt: target.deactivatedAt, isInstanceAdmin: true }",
    "input": "{ action: "instance_admin.account_deactivate_blocked", actorId, before: { deactivatedAt: target.deactivatedAt, isInstanceAdmin: true }, projectId: null, status: "failed", statusReason: "Instance administrators cannot be deactivated.", targetId: targetPublicId, targetType: "user", }",
    "occurrence": 1,
    "path": "lib/actions/instance-admin-account-actions.ts",
    "statusReason": ""Instance administrators cannot be deactivated."",
    "writer": "writeAudit",
  },
  {
    "action": ""instance_admin.account_limits_reset"",
    "after": "{ budgetReset: false, clearedBuckets: reset.deleted }",
    "before": null,
    "input": "{ action: "instance_admin.account_limits_reset", actorId, after: { budgetReset: false, clearedBuckets: reset.deleted }, projectId: null, targetId: targetPublicId, targetType: "user", }",
    "occurrence": 1,
    "path": "lib/actions/instance-admin-account-actions.ts",
    "statusReason": null,
    "writer": "writeAudit",
  },
  {
    "action": "action",
    "after": "{ requestedTarget: targetId }",
    "before": null,
    "input": "{ action, actorId, after: { requestedTarget: targetId }, projectId: null, status: "failed", statusReason: reason, targetId: "account-action", targetType: "instance_ops", }",
    "occurrence": 1,
    "path": "lib/actions/instance-admin-account-actions.ts",
    "statusReason": "reason",
    "writer": "writeAudit",
  },
  {
    "action": "deactivated ? "instance_admin.account_deactivated" : "instance_admin.account_reactivated"",
    "after": null,
    "before": null,
    "input": "{ action: deactivated ? "instance_admin.account_deactivated" : "instance_admin.account_reactivated", actorId, projectId: null, status: "failed", statusReason: "Account not found.", targetId: "account-not-found", targetType: "instance_ops", }",
    "occurrence": 1,
    "path": "lib/actions/instance-admin-account-actions.ts",
    "statusReason": ""Account not found."",
    "writer": "writeAudit",
  },
  {
    "action": "deactivated ? "instance_admin.account_deactivated" : "instance_admin.account_reactivated"",
    "after": "{ deactivatedAt: changedAt }",
    "before": "{ deactivatedAt: target.deactivatedAt }",
    "input": "{ action: deactivated ? "instance_admin.account_deactivated" : "instance_admin.account_reactivated", actorId, after: { deactivatedAt: changedAt }, before: { deactivatedAt: target.deactivatedAt }, projectId: null, targetId: targetPublicId, targetType: "user", }",
    "occurrence": 2,
    "path": "lib/actions/instance-admin-account-actions.ts",
    "statusReason": null,
    "writer": "writeAudit",
  },
  {
    "action": ""instance_admin.account_viewed"",
    "after": "{ result }",
    "before": null,
    "input": "{ action: "instance_admin.account_viewed", actorId, after: { result }, projectId: null, ...(result === "found" ? {} : { status: "failed" as const, statusReason }), targetId, targetType: result === "found" ? "user" : "instance_ops", }",
    "occurrence": 1,
    "path": "lib/actions/instance-admin-account.ts",
    "statusReason": null,
    "writer": "writeAudit",
  },
  {
    "action": ""instance_admin.ops_sweep.run"",
    "after": "{ result: "not_configured" }",
    "before": null,
    "input": "{ action: "instance_admin.ops_sweep.run", actorId, after: { result: "not_configured" }, status: "failed", statusReason: "Operator Slack notifications are not configured.", targetId: "ops-event-outbox", targetType: "instance_ops", }",
    "occurrence": 1,
    "path": "lib/actions/instance-admin.ts",
    "statusReason": ""Operator Slack notifications are not configured."",
    "writer": "writeAudit",
  },
  {
    "action": ""instance_admin.ops_sweep.run"",
    "after": "{ result: "failed" }",
    "before": null,
    "input": "{ action: "instance_admin.ops_sweep.run", actorId, after: { result: "failed" }, status: "failed", statusReason: "Operator event outbox sweep failed.", targetId: "ops-event-outbox", targetType: "instance_ops", }",
    "occurrence": 2,
    "path": "lib/actions/instance-admin.ts",
    "statusReason": ""Operator event outbox sweep failed."",
    "writer": "writeAudit",
  },
  {
    "action": ""instance_admin.ops_sweep.run"",
    "after": "{ attempted: result.attempted, delivered: result.delivered, result: "completed" }",
    "before": null,
    "input": "{ action: "instance_admin.ops_sweep.run", actorId, after: { attempted: result.attempted, delivered: result.delivered, result: "completed" }, targetId: "ops-event-outbox", targetType: "instance_ops", }",
    "occurrence": 3,
    "path": "lib/actions/instance-admin.ts",
    "statusReason": null,
    "writer": "writeAudit",
  },
  {
    "action": ""instance_admin.ops_test.send"",
    "after": "{ result: "not_configured" }",
    "before": null,
    "input": "{ action: "instance_admin.ops_test.send", actorId, after: { result: "not_configured" }, status: "failed", statusReason: "Operator Slack notifications are not configured.", targetId: "ops-slack", targetType: "instance_ops", }",
    "occurrence": 1,
    "path": "lib/actions/instance-admin.ts",
    "statusReason": ""Operator Slack notifications are not configured."",
    "writer": "writeAudit",
  },
  {
    "action": ""instance_admin.ops_test.send"",
    "after": "{ result: "delivered" }",
    "before": null,
    "input": "{ action: "instance_admin.ops_test.send", actorId, after: { result: "delivered" }, targetId: "ops-slack", targetType: "instance_ops", }",
    "occurrence": 2,
    "path": "lib/actions/instance-admin.ts",
    "statusReason": null,
    "writer": "writeAudit",
  },
  {
    "action": ""instance_admin.ops_test.send"",
    "after": "{ result: result.status }",
    "before": null,
    "input": "{ action: "instance_admin.ops_test.send", actorId, after: { result: result.status }, status: "failed", statusReason: notConfigured ? "Operator Slack notifications are not configured." : "Operator Slack test delivery failed.", targetId: "ops-slack", targetType: "instance_ops", }",
    "occurrence": 3,
    "path": "lib/actions/instance-admin.ts",
    "statusReason": "notConfigured ? "Operator Slack notifications are not configured." : "Operator Slack test delivery failed."",
    "writer": "writeAudit",
  },
  {
    "action": "action",
    "after": "{ result: "rate_limited" }",
    "before": null,
    "input": "{ action, actorId, after: { result: "rate_limited" }, status: "failed", statusReason: "Instance admin action rate limit exceeded.", targetId, targetType: "instance_ops", }",
    "occurrence": 1,
    "path": "lib/actions/instance-admin.ts",
    "statusReason": ""Instance admin action rate limit exceeded."",
    "writer": "writeAudit",
  },
  {
    "action": "action",
    "after": "{ result: "failed" }",
    "before": null,
    "input": "{ action, actorId, after: { result: "failed" }, status: "failed", statusReason: "Instance admin action rate limiter unavailable.", targetId, targetType: "instance_ops", }",
    "occurrence": 2,
    "path": "lib/actions/instance-admin.ts",
    "statusReason": ""Instance admin action rate limiter unavailable."",
    "writer": "writeAudit",
  },
  {
    "action": ""keyword.bulk_clear_target"",
    "after": "{ targetUrl: null }",
    "before": "before.map(auditKeyword)",
    "input": "{ action: "keyword.bulk_clear_target", actorId: actor.id, after: { targetUrl: null }, before: before.map(auditKeyword), projectId: project.id, targetId: project.publicId, targetType: "project", }",
    "occurrence": 1,
    "path": "lib/actions/keyword-bulk.ts",
    "statusReason": null,
    "writer": "writeAudit",
  },
  {
    "action": ""keyword.bulk_delete"",
    "after": null,
    "before": "keywords.map(auditKeyword)",
    "input": "{ action: "keyword.bulk_delete", actorId: actor.id, before: keywords.map(auditKeyword), projectId: project.id, targetId: project.publicId, targetType: "project", }",
    "occurrence": 1,
    "path": "lib/actions/keyword-bulk.ts",
    "statusReason": null,
    "writer": "writeAudit",
  },
  {
    "action": ""keyword.bulk_set_frequency"",
    "after": "{ keywordIds: keywords.map((keyword) => auditKeyword(keyword).id), schedule }",
    "before": null,
    "input": "{ action: "keyword.bulk_set_frequency", actorId: actor.id, after: { keywordIds: keywords.map((keyword) => auditKeyword(keyword).id), schedule }, projectId: project.id, targetId: project.publicId, targetType: "project", }",
    "occurrence": 1,
    "path": "lib/actions/keyword-bulk.ts",
    "statusReason": null,
    "writer": "writeAudit",
  },
  {
    "action": ""keyword.bulk_set_target"",
    "after": "{ targetUrl: data.targetUrl }",
    "before": "before.map(auditKeyword)",
    "input": "{ action: "keyword.bulk_set_target", actorId: actor.id, after: { targetUrl: data.targetUrl }, before: before.map(auditKeyword), projectId: project.id, targetId: project.publicId, targetType: "project", }",
    "occurrence": 1,
    "path": "lib/actions/keyword-bulk.ts",
    "statusReason": null,
    "writer": "writeAudit",
  },
  {
    "action": ""keyword.bulk_tag"",
    "after": "{ keywordIds: keywords.map((keyword) => auditKeyword(keyword).id), tags: data.tags }",
    "before": null,
    "input": "{ action: "keyword.bulk_tag", actorId: actor.id, after: { keywordIds: keywords.map((keyword) => auditKeyword(keyword).id), tags: data.tags }, projectId: project.id, targetId: project.publicId, targetType: "project", }",
    "occurrence": 1,
    "path": "lib/actions/keyword-bulk.ts",
    "statusReason": null,
    "writer": "writeAudit",
  },
  {
    "action": ""keyword.csv_import"",
    "after": "{ created: keywords.map((keyword) => keyword.publicId), failed: errors.length, skipped: skipped + transactionSkipped, }",
    "before": null,
    "input": "{ action: "keyword.csv_import", actorId: actor.id, after: { created: keywords.map((keyword) => keyword.publicId), failed: errors.length, skipped: skipped + transactionSkipped, }, projectId: project.id, targetId: targetKeyword?.publicId ?? requirePublicId(project.publicId, "prj"), targetType: targetKeyword ? "keyword" : "project", }",
    "occurrence": 1,
    "path": "lib/actions/keyword-import-export.ts",
    "statusReason": null,
    "writer": "writeAudit",
  },
  {
    "action": ""keyword.matrix_add"",
    "after": "{ keywordIds: created.map((keyword) => keyword.publicId), intent: data.intent ?? null, skippedDuplicates, tags: data.tags, targetUrl: data.targetUrl ?? null, topic: data.topic ?? null, }",
    "before": null,
    "input": "{ action: "keyword.matrix_add", actorId: actor.id, after: { keywordIds: created.map((keyword) => keyword.publicId), intent: data.intent ?? null, skippedDuplicates, tags: data.tags, targetUrl: data.targetUrl ?? null, topic: data.topic ?? null, }, projectId: project.id, targetId: project.publicId, targetType: "project", }",
    "occurrence": 1,
    "path": "lib/actions/keyword-matrix.ts",
    "statusReason": null,
    "writer": "writeAudit",
  },
  {
    "action": ""keyword_schedule.update"",
    "after": "schedule",
    "before": "before",
    "input": "{ action: "keyword_schedule.update", actorId: actor.id, after: schedule, before, projectId: keyword.projectId, targetId: keyword.publicId, targetType: "keyword_schedule", }",
    "occurrence": 1,
    "path": "lib/actions/keyword-schedule.ts",
    "statusReason": null,
    "writer": "writeAudit",
  },
  {
    "action": ""keyword.add"",
    "after": "{ intent: stored.intent, keywordId: stored.publicId, tags: data.tags, targetUrl: stored.targetUrl, text: stored.text, topic: stored.topic, }",
    "before": null,
    "input": "{ action: "keyword.add", actorId: actor.id, after: { intent: stored.intent, keywordId: stored.publicId, tags: data.tags, targetUrl: stored.targetUrl, text: stored.text, topic: stored.topic, }, projectId: project.id, targetId: stored.publicId, targetType: "keyword", }",
    "occurrence": 1,
    "path": "lib/actions/keyword.ts",
    "statusReason": null,
    "writer": "writeAudit",
  },
  {
    "action": ""keyword.batch_add"",
    "after": "{ keywordIds: created.map((keyword) => keyword.publicId), rows: rows.map((row) => ({ device: row.device, keyword: row.keyword, location: row.locationKey ?? row.location, tags: row.tags, targetUrl: row.targetUrl ?? null, topic: row.topic ?? null, intent: row.intent ?? null, })), }",
    "before": null,
    "input": "{ action: "keyword.batch_add", actorId: actor.id, after: { keywordIds: created.map((keyword) => keyword.publicId), rows: rows.map((row) => ({ device: row.device, keyword: row.keyword, location: row.locationKey ?? row.location, tags: row.tags, targetUrl: row.targetUrl ?? null, topic: row.topic ?? null, intent: row.intent ?? null, })), }, projectId: project.id, targetId: targetKeyword?.publicId ?? project.publicId, targetType: targetKeyword ? "keyword" : "project", }",
    "occurrence": 1,
    "path": "lib/actions/keyword.ts",
    "statusReason": null,
    "writer": "writeAudit",
  },
  {
    "action": ""keyword.batch_add"",
    "after": "{ keywordIds: created.map((keyword) => keyword.publicId), intent: data.intent ?? null, tags: data.tags, targetUrl: data.targetUrl ?? null, topic: data.topic ?? null, }",
    "before": null,
    "input": "{ action: "keyword.batch_add", actorId: actor.id, after: { keywordIds: created.map((keyword) => keyword.publicId), intent: data.intent ?? null, tags: data.tags, targetUrl: data.targetUrl ?? null, topic: data.topic ?? null, }, projectId: project.id, targetId: targetKeyword?.publicId ?? project.publicId, targetType: targetKeyword ? "keyword" : "project", }",
    "occurrence": 2,
    "path": "lib/actions/keyword.ts",
    "statusReason": null,
    "writer": "writeAudit",
  },
  {
    "action": ""keyword.update"",
    "after": "{ ...updated, tags: data.tags }",
    "before": "before",
    "input": "{ action: "keyword.update", actorId: actor.id, after: { ...updated, tags: data.tags }, before, projectId: keyword.projectId, targetId: updated.publicId, targetType: "keyword", }",
    "occurrence": 1,
    "path": "lib/actions/keyword.ts",
    "statusReason": null,
    "writer": "writeAudit",
  },
  {
    "action": ""notification_preferences.update"",
    "after": "{ channels: { alertSlack: data.alertSlack, alertWebhook: data.alertWebhook }, preference, }",
    "before": "{ channels: beforeChannels, preference: before }",
    "input": "{ action: "notification_preferences.update", actorId: actor.id, after: { channels: { alertSlack: data.alertSlack, alertWebhook: data.alertWebhook }, preference, }, before: { channels: beforeChannels, preference: before }, projectId: project.id, targetId: requiredPublicAuditId(project.publicId, "prj", "Project"), targetType: "project", }",
    "occurrence": 1,
    "path": "lib/actions/notification-prefs.ts",
    "statusReason": null,
    "writer": "writeAudit",
  },
  {
    "action": ""settings.presence_inspection_budget.update"",
    "after": "projectDefaultsConfig(defaults)",
    "before": "before ? projectDefaultsConfig(before) : null",
    "input": "{ action: "settings.presence_inspection_budget.update", actorId: actor.id, after: projectDefaultsConfig(defaults), before: before ? projectDefaultsConfig(before) : null, projectId: project.id, targetId: requiredPublicAuditId(project.publicId, "prj", "Project"), targetType: "project_defaults", }",
    "occurrence": 1,
    "path": "lib/actions/presence-settings.ts",
    "statusReason": null,
    "writer": "writeAudit",
  },
  {
    "action": "auditAction",
    "after": "after",
    "before": "before",
    "input": "{ action: auditAction, actorId: actor.id, after, before, projectId: project.id, targetId: requiredPublicAuditId(before.publicId, "prj", "Project"), targetType: "project", }",
    "occurrence": 1,
    "path": "lib/actions/project-domain-change.ts",
    "statusReason": null,
    "writer": "writeAudit",
  },
  {
    "action": ""cloud_import.cancel"",
    "after": "{ error: cancelledJob.error, id: jobId, state: cancelledJob.state }",
    "before": "{ id: job ? requirePublicId(job.publicId, "imp") : null, state: job?.state }",
    "input": "{ action: "cloud_import.cancel", actorId: actor.id, after: { error: cancelledJob.error, id: jobId, state: cancelledJob.state }, before: { id: job ? requirePublicId(job.publicId, "imp") : null, state: job?.state }, projectId: project.id, targetId: jobId, targetType: "cloud_import_job", }",
    "occurrence": 1,
    "path": "lib/actions/project-write-mode.ts",
    "statusReason": null,
    "writer": "writeAudit",
  },
  {
    "action": ""project.migration_hold.cancel"",
    "after": "{ id: projectId, writeMode: updated.writeMode }",
    "before": "{ id: requirePublicId(heldProject.publicId, "prj"), writeMode: heldProject.writeMode, }",
    "input": "{ action: "project.migration_hold.cancel", actorId: actor.id, after: { id: projectId, writeMode: updated.writeMode }, before: { id: requirePublicId(heldProject.publicId, "prj"), writeMode: heldProject.writeMode, }, projectId: heldProject.id, targetId: projectId, targetType: "project", }",
    "occurrence": 1,
    "path": "lib/actions/project-write-mode.ts",
    "statusReason": null,
    "writer": "writeAudit",
  },
  {
    "action": "action",
    "after": "{ id: projectId, writeMode: updated.writeMode }",
    "before": "{ id: beforeProjectId, writeMode: before.writeMode }",
    "input": "{ action, actorId: actor.id, after: { id: projectId, writeMode: updated.writeMode }, before: { id: beforeProjectId, writeMode: before.writeMode }, projectId: project.id, targetId: projectId, targetType: "project", }",
    "occurrence": 1,
    "path": "lib/actions/project-write-mode.ts",
    "statusReason": null,
    "writer": "writeAudit",
  },
  {
    "action": ""project_defaults.update"",
    "after": "{ market, movedKeywords: marketPlan.updateIds.length, schedule: projectDefaultsConfig(defaults), skippedConflicts: marketPlan.skipped, }",
    "before": "{ market: currentMarket, schedule: before ? projectDefaultsConfig(before) : null, }",
    "input": "{ action: "project_defaults.update", actorId: actor.id, after: { market, movedKeywords: marketPlan.updateIds.length, schedule: projectDefaultsConfig(defaults), skippedConflicts: marketPlan.skipped, }, before: { market: currentMarket, schedule: before ? projectDefaultsConfig(before) : null, }, projectId: project.id, targetId: requiredPublicAuditId(project.publicId, "prj", "Project"), targetType: "project_defaults", }",
    "occurrence": 1,
    "path": "lib/actions/project.ts",
    "statusReason": null,
    "writer": "writeAudit",
  },
  {
    "action": ""rank_check.run_now"",
    "after": "{ keywordId: keywordScope.publicId, preview: true, ...result }",
    "before": null,
    "input": "{ action: "rank_check.run_now", actorId: actor.id, after: { keywordId: keywordScope.publicId, preview: true, ...result }, projectId: keywordScope.projectId, targetId: auditTargetId, targetType: auditTargetType, }",
    "occurrence": 1,
    "path": "lib/actions/rank-check-preview.ts",
    "statusReason": null,
    "writer": "writeAudit",
  },
  {
    "action": ""rank_check.queue_first"",
    "after": "result",
    "before": null,
    "input": "{ action: "rank_check.queue_first", actorId: actor.id, after: result, projectId: project.id, targetId: project.publicId, targetType: "project", }",
    "occurrence": 1,
    "path": "lib/actions/rankCheck.ts",
    "statusReason": null,
    "writer": "writeAudit",
  },
  {
    "action": ""rank_check.queue_first"",
    "after": "{ queued: keywordIds.length }",
    "before": null,
    "input": "{ action: "rank_check.queue_first", actorId: actor.id, after: { queued: keywordIds.length }, projectId: project.id, targetId: project.publicId, targetType: "project", }",
    "occurrence": 2,
    "path": "lib/actions/rankCheck.ts",
    "statusReason": null,
    "writer": "writeAudit",
  },
  {
    "action": ""rank_check.run_now"",
    "after": "{ keywordId: keywordScope.publicId, provider: data.providerId ?? ("provider" in result ? result.provider : "primary"), text: keywordScope.text, ...result, }",
    "before": null,
    "input": "{ action: "rank_check.run_now", actorId: actor.id, after: { keywordId: keywordScope.publicId, provider: data.providerId ?? ("provider" in result ? result.provider : "primary"), text: keywordScope.text, ...result, }, projectId: keywordScope.projectId, targetId: keywordScope.publicId, targetType: "keyword", }",
    "occurrence": 1,
    "path": "lib/actions/rankCheck.ts",
    "statusReason": null,
    "writer": "writeAudit",
  },
  {
    "action": ""sample_data.install"",
    "after": "{ domain: project.domain, name: project.name, publicId: project.publicId }",
    "before": null,
    "input": "{ action: "sample_data.install", actorId: actor.id, after: { domain: project.domain, name: project.name, publicId: project.publicId }, projectId: project.id, targetId: requiredPublicAuditId(project.publicId, "prj", "Project"), targetType: "project", }",
    "occurrence": 1,
    "path": "lib/actions/sample-data.ts",
    "statusReason": null,
    "writer": "writeAudit",
  },
  {
    "action": ""sample_data.remove"",
    "after": null,
    "before": "{ publicId: project.publicId }",
    "input": "{ action: "sample_data.remove", actorId: actor.id, before: { publicId: project.publicId }, projectId: null, targetId: requiredPublicAuditId(project.publicId, "prj", "Project"), targetType: "project", }",
    "occurrence": 1,
    "path": "lib/actions/sample-data.ts",
    "statusReason": null,
    "writer": "writeAudit",
  },
  {
    "action": ""saved_view.create"",
    "after": "{ name: view.name, savedViewId: viewId, surface: view.surface }",
    "before": null,
    "input": "{ action: "saved_view.create", actorId: actor.id, after: { name: view.name, savedViewId: viewId, surface: view.surface }, projectId: project.id, targetId: viewId, targetType: "saved_view", }",
    "occurrence": 1,
    "path": "lib/actions/saved-views.ts",
    "statusReason": null,
    "writer": "writeAudit",
  },
  {
    "action": ""saved_view.delete"",
    "after": null,
    "before": "{ name: view.name, savedViewId: viewId, surface: view.surface }",
    "input": "{ action: "saved_view.delete", actorId: actor.id, before: { name: view.name, savedViewId: viewId, surface: view.surface }, projectId: project.id, targetId: viewId, targetType: "saved_view", }",
    "occurrence": 1,
    "path": "lib/actions/saved-views.ts",
    "statusReason": null,
    "writer": "writeAudit",
  },
  {
    "action": ""project.migration_hold.enable"",
    "after": "{ id: projectId, writeMode: after.writeMode }",
    "before": "{ id: requirePublicId(before.publicId, "prj"), writeMode: before.writeMode, writeModeChangedAt: before.writeModeChangedAt, }",
    "input": "{ action: "project.migration_hold.enable", actorId, after: { id: projectId, writeMode: after.writeMode }, before: { id: requirePublicId(before.publicId, "prj"), writeMode: before.writeMode, writeModeChangedAt: before.writeModeChangedAt, }, projectId: after.id, targetId: projectId, targetType: "project", }",
    "occurrence": 1,
    "path": "lib/actions/self-host-migration.ts",
    "statusReason": null,
    "writer": "writeAudit",
  },
  {
    "action": ""project.self_host_migration.rollback"",
    "after": "{ id: projectId, writeMode: updated.writeMode }",
    "before": "{ id: requirePublicId(current.publicId, "prj"), writeMode: current.writeMode, writeModeChangedAt: current.writeModeChangedAt, }",
    "input": "{ action: "project.self_host_migration.rollback", actorId, after: { id: projectId, writeMode: updated.writeMode }, before: { id: requirePublicId(current.publicId, "prj"), writeMode: current.writeMode, writeModeChangedAt: current.writeModeChangedAt, }, projectId: project.id, targetId: projectId, targetType: "project", }",
    "occurrence": 1,
    "path": "lib/actions/self-host-migration.ts",
    "statusReason": null,
    "writer": "writeAudit",
  },
  {
    "action": ""project.self_host_migration.start"",
    "after": "{ ...migration, id: data.projectId }",
    "before": "{ id: data.projectId, writeMode: project.writeMode, writeModeChangedAt: project.writeModeChangedAt, }",
    "input": "{ action: "project.self_host_migration.start", actorId: actor.id, after: { ...migration, id: data.projectId }, before: { id: data.projectId, writeMode: project.writeMode, writeModeChangedAt: project.writeModeChangedAt, }, projectId: project.id, targetId: data.projectId, targetType: "project", }",
    "occurrence": 1,
    "path": "lib/actions/self-host-migration.ts",
    "statusReason": null,
    "writer": "writeAudit",
  },
  {
    "action": ""settings.defaults.update"",
    "after": "{ market, movedKeywords: marketPlan.updateIds.length, schedule: projectDefaultsConfig(defaults), skippedConflicts: marketPlan.skipped, }",
    "before": "{ market: currentMarket, schedule: beforeDefaults ? projectDefaultsConfig(beforeDefaults) : null, }",
    "input": "{ action: "settings.defaults.update", actorId: actor.id, after: { market, movedKeywords: marketPlan.updateIds.length, schedule: projectDefaultsConfig(defaults), skippedConflicts: marketPlan.skipped, }, before: { market: currentMarket, schedule: beforeDefaults ? projectDefaultsConfig(beforeDefaults) : null, }, projectId: project.id, targetId: project.publicId, targetType: "project_defaults", }",
    "occurrence": 1,
    "path": "lib/actions/settings.ts",
    "statusReason": null,
    "writer": "writeAudit",
  },
  {
    "action": ""settings.project_details.update"",
    "after": "updated",
    "before": "before",
    "input": "{ action: "settings.project_details.update", actorId: actor.id, after: updated, before, projectId: project.id, targetId: project.publicId, targetType: "project", }",
    "occurrence": 1,
    "path": "lib/actions/settings.ts",
    "statusReason": null,
    "writer": "writeAudit",
  },
  {
    "action": ""settings.project_tracking_scope.update"",
    "after": "updated",
    "before": "before",
    "input": "{ action: "settings.project_tracking_scope.update", actorId: actor.id, after: updated, before, projectId: project.id, targetId: project.publicId, targetType: "project", }",
    "occurrence": 1,
    "path": "lib/actions/settings.ts",
    "statusReason": null,
    "writer": "writeAudit",
  },
  {
    "action": ""settings.rank_check_frequency.update"",
    "after": "projectDefaultsConfig(defaults)",
    "before": "before ? projectDefaultsConfig(before) : null",
    "input": "{ action: "settings.rank_check_frequency.update", actorId: actor.id, after: projectDefaultsConfig(defaults), before: before ? projectDefaultsConfig(before) : null, projectId: project.id, targetId: project.publicId, targetType: "project_defaults", }",
    "occurrence": 1,
    "path": "lib/actions/settings.ts",
    "statusReason": null,
    "writer": "writeAudit",
  },
  {
    "action": ""settings.run_check_now"",
    "after": "result",
    "before": null,
    "input": "{ action: "settings.run_check_now", actorId: actor.id, after: result, projectId: project.id, targetId: project.publicId, targetType: "project", }",
    "occurrence": 1,
    "path": "lib/actions/settings.ts",
    "statusReason": null,
    "writer": "writeAudit",
  },
  {
    "action": ""signal.note_added"",
    "after": "safeSignalNote(signal)",
    "before": null,
    "input": "{ action: "signal.note_added", actorId: actor.id, after: safeSignalNote(signal), projectId: project.id, targetId: signal.publicId, targetType: "signal", }",
    "occurrence": 1,
    "path": "lib/actions/signals.ts",
    "statusReason": null,
    "writer": "writeAudit",
  },
  {
    "action": ""signal.note_removed"",
    "after": null,
    "before": "safeSignalNote(signal)",
    "input": "{ action: "signal.note_removed", actorId: actor.id, before: safeSignalNote(signal), projectId: project.id, targetId: signal.publicId, targetType: "signal", }",
    "occurrence": 1,
    "path": "lib/actions/signals.ts",
    "statusReason": null,
    "writer": "writeAudit",
  },
  {
    "action": "before ? "slack_connection.update" : "slack_connection.create"",
    "after": "connection",
    "before": "before",
    "input": "{ action: before ? "slack_connection.update" : "slack_connection.create", actorId: actor.id, after: connection, before, projectId: project.id, targetId: connection.id, targetType: "slack_connection", }",
    "occurrence": 1,
    "path": "lib/actions/slack.ts",
    "statusReason": null,
    "writer": "writeAudit",
  },
  {
    "action": ""tag.create"",
    "after": "{ name: tag.name }",
    "before": null,
    "input": "{ action: "tag.create", actorId: actor.id, after: { name: tag.name }, projectId: project.id, targetId: requiredPublicAuditId(tag.publicId, "tag", "Tag"), targetType: "tag", }",
    "occurrence": 1,
    "path": "lib/actions/tags.ts",
    "statusReason": null,
    "writer": "writeAudit",
  },
  {
    "action": ""tag.delete"",
    "after": null,
    "before": "{ count: result.count, name: result.name }",
    "input": "{ action: "tag.delete", actorId: actor.id, before: { count: result.count, name: result.name }, projectId: project.id, targetId: requiredPublicAuditId(result.publicId, "tag", "Tag"), targetType: "tag", }",
    "occurrence": 1,
    "path": "lib/actions/tags.ts",
    "statusReason": null,
    "writer": "writeAudit",
  },
  {
    "action": ""tag.rename"",
    "after": "{ count: result.count, merged: result.merged, name: data.toName }",
    "before": "{ name: result.fromName }",
    "input": "{ action: "tag.rename", actorId: actor.id, after: { count: result.count, merged: result.merged, name: data.toName }, before: { name: result.fromName }, projectId: project.id, targetId: requiredPublicAuditId(result.publicId, "tag", "Tag"), targetType: "tag", }",
    "occurrence": 1,
    "path": "lib/actions/tags.ts",
    "statusReason": null,
    "writer": "writeAudit",
  },
  {
    "action": ""team.invite.accept"",
    "after": "{ email: invite.email, inviteId: invite.publicId, role: membership.role }",
    "before": null,
    "input": "{ action: "team.invite.accept", after: { email: invite.email, inviteId: invite.publicId, role: membership.role }, ...auditTarget( user.id, invite.projectId, "membership", requiredPublicId(membership.publicId, "mbr", "Membership"), ), }",
    "occurrence": 1,
    "path": "lib/actions/team.ts",
    "statusReason": null,
    "writer": "auditAndRevalidate",
  },
  {
    "action": ""team.ownership.transfer"",
    "after": "{ ownerId: result.user.publicId, role: result.role }",
    "before": "{ targetRole: target.role }",
    "input": "{ action: "team.ownership.transfer", after: { ownerId: result.user.publicId, role: result.role }, before: { targetRole: target.role }, ...auditTarget( actor.id, project.id, "membership", requiredPublicId(result.publicId, "mbr", "Membership"), ), }",
    "occurrence": 1,
    "path": "lib/actions/team.ts",
    "statusReason": null,
    "writer": "auditAndRevalidate",
  },
  {
    "action": ""triggered_alert.mark_all_read"",
    "after": "{ acknowledged: result.count }",
    "before": null,
    "input": "{ action: "triggered_alert.mark_all_read", actorId: auditActorId(context), after: { acknowledged: result.count }, projectId: project.id, targetId: requiredPublicId(project.publicId, "prj", "Project"), targetType: "project", }",
    "occurrence": 1,
    "path": "lib/alerts/feed-mutations.ts",
    "statusReason": null,
    "writer": "writeAudit",
  },
  {
    "action": ""triggered_alert.snooze"",
    "after": "{ snoozedUntil: alert.snoozedUntil, status: alert.status }",
    "before": "{ snoozedUntil: before.snoozedUntil, status: before.status }",
    "input": "{ action: "triggered_alert.snooze", actorId: auditActorId(context), after: { snoozedUntil: alert.snoozedUntil, status: alert.status }, before: { snoozedUntil: before.snoozedUntil, status: before.status }, projectId: project.id, targetId: requiredPublicId(alert.publicId, "al", "Triggered alert"), targetType: "triggered_alert", }",
    "occurrence": 1,
    "path": "lib/alerts/feed-mutations.ts",
    "statusReason": null,
    "writer": "writeAudit",
  },
  {
    "action": ""alert_rule.create"",
    "after": "alertRuleAuditResource(rule)",
    "before": null,
    "input": "{ action: "alert_rule.create", actorId: context.actorId, after: alertRuleAuditResource(rule), projectId: context.projectId, targetId: requireApiPublicId(rule.publicId ?? "", "alr"), targetType: "alert_rule", }",
    "occurrence": 1,
    "path": "lib/api/alert-service.ts",
    "statusReason": null,
    "writer": "writeAudit",
  },
  {
    "action": ""alert_rule.delete"",
    "after": null,
    "before": "alertRuleAuditResource(before)",
    "input": "{ action: "alert_rule.delete", actorId: context.actorId, before: alertRuleAuditResource(before), projectId: context.projectId, targetId: requireApiPublicId(before.publicId ?? "", "alr"), targetType: "alert_rule", }",
    "occurrence": 1,
    "path": "lib/api/alert-service.ts",
    "statusReason": null,
    "writer": "writeAudit",
  },
  {
    "action": ""alert_rule.update"",
    "after": "alertRuleAuditResource(updated)",
    "before": "alertRuleAuditResource(before)",
    "input": "{ action: "alert_rule.update", actorId: context.actorId, after: alertRuleAuditResource(updated), before: alertRuleAuditResource(before), projectId: context.projectId, targetId: requireApiPublicId(updated.publicId ?? "", "alr"), targetType: "alert_rule", }",
    "occurrence": 1,
    "path": "lib/api/alert-service.ts",
    "statusReason": null,
    "writer": "writeAudit",
  },
  {
    "action": ""api_key.issue"",
    "after": "apiKeyAuditResource(apiKey)",
    "before": null,
    "input": "{ action: "api_key.issue", actorId: ctx.actorId ?? null, after: apiKeyAuditResource(apiKey), projectId: ctx.auth.project.id, targetId: requireApiPublicId(apiKey.publicId, "key"), targetType: "api_key", }",
    "occurrence": 1,
    "path": "lib/api/api-keys.ts",
    "statusReason": null,
    "writer": "writeAudit",
  },
  {
    "action": ""api_key.revoke"",
    "after": "apiKeyAuditResource(revoked)",
    "before": "apiKeyAuditResource(apiKey)",
    "input": "{ action: "api_key.revoke", actorId: ctx.actorId ?? null, after: apiKeyAuditResource(revoked), before: apiKeyAuditResource(apiKey), projectId: ctx.auth.project.id, targetId: requireApiPublicId(revoked.publicId, "key"), targetType: "api_key", }",
    "occurrence": 1,
    "path": "lib/api/api-keys.ts",
    "statusReason": null,
    "writer": "writeAudit",
  },
  {
    "action": ""cloud_import.begin"",
    "after": "{ jobId: targetId, state: job.state }",
    "before": null,
    "input": "{ action: "cloud_import.begin", actorId: actorId(token), after: { jobId: targetId, state: job.state }, projectId: token.projectId, targetId, targetType: "cloud_import_job", }",
    "occurrence": 1,
    "path": "lib/api/instance-import/audit.ts",
    "statusReason": null,
    "writer": "writeAudit",
  },
  {
    "action": ""cloud_import.done"",
    "after": "{ counts, jobId: targetId, state: job.state }",
    "before": null,
    "input": "{ action: "cloud_import.done", actorId: actorId(token), after: { counts, jobId: targetId, state: job.state }, projectId: token.projectId, targetId, targetType: "cloud_import_job", }",
    "occurrence": 1,
    "path": "lib/api/instance-import/audit.ts",
    "statusReason": null,
    "writer": "writeAudit",
  },
  {
    "action": ""cloud_import.fail"",
    "after": "{ error, jobId: targetId, state: job.state }",
    "before": null,
    "input": "{ action: "cloud_import.fail", actorId: actorId(token), after: { error, jobId: targetId, state: job.state }, projectId: token.projectId, status: "failed", statusReason: error, targetId, targetType: "cloud_import_job", }",
    "occurrence": 1,
    "path": "lib/api/instance-import/audit.ts",
    "statusReason": "error",
    "writer": "writeAudit",
  },
  {
    "action": ""cloud_import.session_create"",
    "after": "{ chunkCount: job.chunkCount, jobId: targetId, state: job.state }",
    "before": null,
    "input": "{ action: "cloud_import.session_create", actorId: actorId(token), after: { chunkCount: job.chunkCount, jobId: targetId, state: job.state }, projectId: token.projectId, targetId, targetType: "cloud_import_job", }",
    "occurrence": 1,
    "path": "lib/api/instance-import/audit.ts",
    "statusReason": null,
    "writer": "writeAudit",
  },
  {
    "action": ""migration_token.consume"",
    "after": "{ consumedAt, id: token.publicId, singleUse: token.singleUse ?? null }",
    "before": null,
    "input": "{ action: "migration_token.consume", actorId: actorId(token), after: { consumedAt, id: token.publicId, singleUse: token.singleUse ?? null }, projectId: token.projectId, targetId: token.publicId, targetType: "migration_token", }",
    "occurrence": 1,
    "path": "lib/api/instance-import/audit.ts",
    "statusReason": null,
    "writer": "writeAudit",
  },
  {
    "action": "\`keyword.bulk.\${data.operation}\`",
    "after": "{ count: foundIds.length, operation: data.operation }",
    "before": null,
    "input": "{ action: \`keyword.bulk.\${data.operation}\`, actorId: null, after: { count: foundIds.length, operation: data.operation }, projectId: ctx.auth.project.id, targetId: ctx.auth.project.publicId, targetType: "project", }",
    "occurrence": 1,
    "path": "lib/api/keyword-bulk.ts",
    "statusReason": null,
    "writer": "writeAudit",
  },
  {
    "action": ""keyword.batch_add"",
    "after": "{ created: createdCount, skipped: skippedCount }",
    "before": null,
    "input": "{ action: "keyword.batch_add", actorId: null, after: { created: createdCount, skipped: skippedCount }, projectId: ctx.auth.project.id, targetId: ctx.auth.project.publicId, targetType: "project", }",
    "occurrence": 1,
    "path": "lib/api/keyword-create.ts",
    "statusReason": null,
    "writer": "writeAudit",
  },
  {
    "action": ""keyword.delete"",
    "after": null,
    "before": "{ keywordId: keyword.publicId, text: keyword.text }",
    "input": "{ action: "keyword.delete", actorId: null, before: { keywordId: keyword.publicId, text: keyword.text }, projectId: ctx.auth.project.id, targetId: keyword.publicId, targetType: "keyword", }",
    "occurrence": 1,
    "path": "lib/api/keywords.ts",
    "statusReason": null,
    "writer": "writeAudit",
  },
  {
    "action": ""keyword.update"",
    "after": "{ intent: data.intent, keywordId, tags: data.tags, targetUrl: data.target_url, topic: data.topic, }",
    "before": "{ intent: keyword.intent, targetUrl: keyword.targetUrl, topic: keyword.topic }",
    "input": "{ action: "keyword.update", actorId: null, after: { intent: data.intent, keywordId, tags: data.tags, targetUrl: data.target_url, topic: data.topic, }, before: { intent: keyword.intent, targetUrl: keyword.targetUrl, topic: keyword.topic }, projectId: ctx.auth.project.id, targetId: keyword.publicId, targetType: "keyword", }",
    "occurrence": 1,
    "path": "lib/api/keywords.ts",
    "statusReason": null,
    "writer": "writeAudit",
  },
  {
    "action": ""pat.revoke"",
    "after": "personalTokenAuditResource(token)",
    "before": "personalTokenAuditResource(before)",
    "input": "{ action: "pat.revoke", actorId: userId, after: personalTokenAuditResource(token), before: personalTokenAuditResource(before), targetId: requireApiPublicId(token.publicId, "pat"), targetType: "personal_access_token", }",
    "occurrence": 1,
    "path": "lib/api/pat-service.ts",
    "statusReason": null,
    "writer": "writeAudit",
  },
  {
    "action": "audit.action ?? "pat.issue"",
    "after": "personalTokenAuditResource(token)",
    "before": null,
    "input": "{ action: audit.action ?? "pat.issue", actorId: userId, after: personalTokenAuditResource(token), targetId: requireApiPublicId(token.publicId, "pat"), targetType: "personal_access_token", }",
    "occurrence": 1,
    "path": "lib/api/pat-service.ts",
    "statusReason": null,
    "writer": "writeAudit",
  },
  {
    "action": ""project_defaults.update"",
    "after": "{ market: responseMarket, movedKeywords: marketPlan?.updateIds.length ?? 0, schedule: defaults, skippedConflicts: marketPlan?.skipped ?? 0, }",
    "before": "{ market: currentMarket, schedule: before, }",
    "input": "{ action: "project_defaults.update", actorId: ctx.actorId ?? null, after: { market: responseMarket, movedKeywords: marketPlan?.updateIds.length ?? 0, schedule: defaults, skippedConflicts: marketPlan?.skipped ?? 0, }, before: { market: currentMarket, schedule: before, }, projectId: ctx.auth.project.id, targetId: ctx.auth.project.publicId, targetType: "project", }",
    "occurrence": 1,
    "path": "lib/api/project-defaults.ts",
    "statusReason": null,
    "writer": "writeAudit",
  },
  {
    "action": ""project.create"",
    "after": "projectAuditResource(project)",
    "before": null,
    "input": "{ action: "project.create", actorId: ownerId, after: projectAuditResource(project), projectId: project.id, targetId: project.publicId, targetType: "project", }",
    "occurrence": 1,
    "path": "lib/api/project-service.ts",
    "statusReason": null,
    "writer": "writeAudit",
  },
  {
    "action": ""project.delete"",
    "after": null,
    "before": "projectAuditResource(before)",
    "input": "{ action: "project.delete", actorId: ctx.actorId ?? null, before: projectAuditResource(before), projectId: before.id, targetId: requireApiPublicId(before.publicId ?? "", "prj"), targetType: "project", }",
    "occurrence": 1,
    "path": "lib/api/projects.ts",
    "statusReason": null,
    "writer": "writeAudit",
  },
  {
    "action": ""project.update"",
    "after": "projectAuditResource(updated)",
    "before": "projectAuditResource(before)",
    "input": "{ action: "project.update", actorId: ctx.actorId ?? null, after: projectAuditResource(updated), before: projectAuditResource(before), projectId: before.id, targetId: requireApiPublicId(before.publicId ?? "", "prj"), targetType: "project", }",
    "occurrence": 1,
    "path": "lib/api/projects.ts",
    "statusReason": null,
    "writer": "writeAudit",
  },
  {
    "action": ""provider.update_cost"",
    "after": "auditConnection(connection)",
    "before": "auditConnection(before)",
    "input": "{ action: "provider.update_cost", actorId: context.actorId, after: auditConnection(connection), before: auditConnection(before), projectId: context.projectId, targetId: requireApiPublicId(connection.publicId ?? "", "conn"), }",
    "occurrence": 1,
    "path": "lib/api/provider-rate-service.ts",
    "statusReason": null,
    "writer": "auditProviderMutation",
  },
  {
    "action": ""provider.update_rate"",
    "after": "{ amountCents, feature: input.feature, provider: input.providerId, }",
    "before": "before ? { amountCents: Number(before.amountCents), feature: before.feature, provider: input.providerId, } : null",
    "input": "{ action: "provider.update_rate", actorId: context.actorId, after: { amountCents, feature: input.feature, provider: input.providerId, }, before: before ? { amountCents: Number(before.amountCents), feature: before.feature, provider: input.providerId, } : null, projectId: context.projectId, targetId: requireApiPublicId(connection.publicId ?? "", "conn"), }",
    "occurrence": 1,
    "path": "lib/api/provider-rate-service.ts",
    "statusReason": null,
    "writer": "auditProviderMutation",
  },
  {
    "action": ""provider.disconnect"",
    "after": "{ provider: item.id, status: "removed" }",
    "before": "auditConnection(before)",
    "input": "{ action: "provider.disconnect", actorId: context.actorId, after: { provider: item.id, status: "removed" }, before: auditConnection(before), projectId: context.projectId, targetId: requireApiPublicId(before.publicId ?? "", "conn"), }",
    "occurrence": 1,
    "path": "lib/api/provider-service.ts",
    "statusReason": null,
    "writer": "auditProviderMutation",
  },
  {
    "action": ""provider.set_settings"",
    "after": "auditConnection(updated)",
    "before": "auditConnection(before)",
    "input": "{ action: "provider.set_settings", actorId: context.actorId, after: auditConnection(updated), before: auditConnection(before), projectId: context.projectId, targetId: requireApiPublicId(updated.publicId ?? "", "conn"), }",
    "occurrence": 1,
    "path": "lib/api/provider-service.ts",
    "statusReason": null,
    "writer": "auditProviderMutation",
  },
  {
    "action": ""provider.test_failed"",
    "after": "{ message: result.message, provider: item.id }",
    "before": null,
    "input": "{ action: "provider.test_failed", actorId: context.actorId, after: { message: result.message, provider: item.id }, projectId: context.projectId, targetId, targetType: "project", }",
    "occurrence": 1,
    "path": "lib/api/provider-service.ts",
    "statusReason": null,
    "writer": "auditProviderMutation",
  },
  {
    "action": ""provider.test"",
    "after": "{ ok: result.ok, provider: item.id }",
    "before": null,
    "input": "{ action: "provider.test", actorId: context.actorId, after: { ok: result.ok, provider: item.id }, projectId: context.projectId, targetId, targetType: "project", }",
    "occurrence": 1,
    "path": "lib/api/provider-service.ts",
    "statusReason": null,
    "writer": "auditProviderMutation",
  },
  {
    "action": "before ? "provider.update" : "provider.connect"",
    "after": "auditConnection(connection)",
    "before": "before ? auditConnection(before) : null",
    "input": "{ action: before ? "provider.update" : "provider.connect", actorId: context.actorId, after: auditConnection(connection), before: before ? auditConnection(before) : null, projectId: context.projectId, targetId: requireApiPublicId(connection.publicId ?? "", "conn"), }",
    "occurrence": 1,
    "path": "lib/api/provider-service.ts",
    "statusReason": null,
    "writer": "auditProviderMutation",
  },
  {
    "action": ""rank_check.requested"",
    "after": "{ keywordId: keyword.publicId, provider: data.provider_id ?? "primary", rankCheckId: rankCheckPublicId, }",
    "before": null,
    "input": "{ action: "rank_check.requested", actorId: null, after: { keywordId: keyword.publicId, provider: data.provider_id ?? "primary", rankCheckId: rankCheckPublicId, }, projectId: ctx.auth.project.id, targetId: rankCheckPublicId, targetType: "rank_check", }",
    "occurrence": 1,
    "path": "lib/api/rank-checks.ts",
    "statusReason": null,
    "writer": "writeAudit",
  },
  {
    "action": ""rank_check.requested"",
    "after": "{ keywordId: keyword.publicId, provider: data.provider_id ?? "primary", rankCheckId: rankCheckPublicId, }",
    "before": null,
    "input": "{ action: "rank_check.requested", actorId: null, after: { keywordId: keyword.publicId, provider: data.provider_id ?? "primary", rankCheckId: rankCheckPublicId, }, projectId: ctx.auth.project.id, status: "failed", statusReason: "Rank check scheduler is unavailable.", targetId: keyword.publicId, targetType: "keyword", }",
    "occurrence": 1,
    "path": "lib/api/rank-checks.ts",
    "statusReason": ""Rank check scheduler is unavailable."",
    "writer": "writeFailureAudit",
  },
  {
    "action": ""rank_check.run_now"",
    "after": "{ keywordId: keyword.publicId, position: result.rankCheck.position, provider: result.rankCheck.provider, }",
    "before": null,
    "input": "{ action: "rank_check.run_now", actorId: null, after: { keywordId: keyword.publicId, position: result.rankCheck.position, provider: result.rankCheck.provider, }, projectId: ctx.auth.project.id, targetId: requireApiPublicId(result.rankCheck.publicId ?? "", "check"), targetType: "rank_check", }",
    "occurrence": 1,
    "path": "lib/api/rank-checks.ts",
    "statusReason": null,
    "writer": "writeAudit",
  },
  {
    "action": ""rank_check.run_now"",
    "after": "{ keywordId: keyword.publicId, provider: data.provider_id ?? "primary" }",
    "before": null,
    "input": "{ action: "rank_check.run_now", actorId: null, after: { keywordId: keyword.publicId, provider: data.provider_id ?? "primary" }, projectId: ctx.auth.project.id, status: "failed", statusReason: errorMessage(error), targetId: keyword.publicId, targetType: "keyword", }",
    "occurrence": 1,
    "path": "lib/api/rank-checks.ts",
    "statusReason": "errorMessage(error)",
    "writer": "writeFailureAudit",
  },
  {
    "action": ""signal.ingested"",
    "after": "resource",
    "before": null,
    "input": "{ action: "signal.ingested", actorId: null, after: resource, projectId: ctx.auth.project.id, targetId: signal.publicId, targetType: "signal", }",
    "occurrence": 1,
    "path": "lib/api/signals.ts",
    "statusReason": null,
    "writer": "writeAudit",
  },
  {
    "action": ""webhook_endpoint.create"",
    "after": "endpoint",
    "before": null,
    "input": "{ action: "webhook_endpoint.create", actorId: scope.actorId, after: endpoint, projectId: scope.projectId, targetId: requireApiPublicId(endpoint.publicId, "we"), targetType: "webhook_endpoint", }",
    "occurrence": 1,
    "path": "lib/api/webhook-service.ts",
    "statusReason": null,
    "writer": "writeAudit",
  },
  {
    "action": ""webhook_endpoint.delete"",
    "after": null,
    "before": "before",
    "input": "{ action: "webhook_endpoint.delete", actorId: scope.actorId, before, projectId: scope.projectId, targetId: requireApiPublicId(before.publicId ?? "", "we"), targetType: "webhook_endpoint", }",
    "occurrence": 1,
    "path": "lib/api/webhook-service.ts",
    "statusReason": null,
    "writer": "writeAudit",
  },
  {
    "action": ""webhook_endpoint.update"",
    "after": "endpoint",
    "before": "before",
    "input": "{ action: "webhook_endpoint.update", actorId: scope.actorId, after: endpoint, before, projectId: scope.projectId, targetId: requireApiPublicId(endpoint.publicId, "we"), targetType: "webhook_endpoint", }",
    "occurrence": 1,
    "path": "lib/api/webhook-service.ts",
    "statusReason": null,
    "writer": "writeAudit",
  },
  {
    "action": ""audit_log.purge"",
    "after": "{ cutoff: cutoff.toISOString(), deletedCount: result.count, retentionDays: days }",
    "before": null,
    "input": "{ action: "audit_log.purge", actorId: null, after: { cutoff: cutoff.toISOString(), deletedCount: result.count, retentionDays: days }, projectId: null, targetId: "audit_log", targetType: "system", }",
    "occurrence": 1,
    "path": "lib/audit/retention.ts",
    "statusReason": null,
    "writer": "writeAudit",
  },
  {
    "action": "\`authorization.\${action}.forbidden\`",
    "after": "{ attemptedAction: action, grantedRole: role, requiredRole: resource.requiredRole, resourceType: resource.type, }",
    "before": null,
    "input": "{ action: \`authorization.\${action}.forbidden\`, actorId: actor.id, after: { attemptedAction: action, grantedRole: role, requiredRole: resource.requiredRole, resourceType: resource.type, }, projectId: resource.projectId, statusReason: "forbidden", targetId, targetType: "authorization", }",
    "occurrence": 1,
    "path": "lib/auth/authorize.ts",
    "statusReason": ""forbidden"",
    "writer": "writeAuditFailure",
  },
  {
    "action": ""instance_admin.first_run_completed"",
    "after": "{ email, isInstanceAdmin: true }",
    "before": "{ isInstanceAdmin: false }",
    "input": "{ action: "instance_admin.first_run_completed", actorId: userId, after: { email, isInstanceAdmin: true }, before: { isInstanceAdmin: false }, requestContext, targetId: requiredPublicAuditId(promoted[0]?.publicId ?? null, "usr", "User"), targetType: "user", }",
    "occurrence": 1,
    "path": "lib/auth/first-run-account.ts",
    "statusReason": null,
    "writer": "writeAudit",
  },
  {
    "action": null,
    "after": null,
    "before": null,
    "input": "{ ...base }",
    "occurrence": 1,
    "path": "lib/auth/sign-in-audit.ts",
    "statusReason": null,
    "writer": "writeAudit",
  },
  {
    "action": null,
    "after": null,
    "before": null,
    "input": "{ ...base, projectId }",
    "occurrence": 2,
    "path": "lib/auth/sign-in-audit.ts",
    "statusReason": null,
    "writer": "writeAudit",
  },
  {
    "action": ""account.two_factor_backup_codes_regenerated"",
    "after": "{ regenerated: true }",
    "before": null,
    "input": "{ action: "account.two_factor_backup_codes_regenerated", actorId: context.actorId, after: { regenerated: true }, targetId: context.actorPublicId, targetType: "user", }",
    "occurrence": 1,
    "path": "lib/auth/two-factor-management.ts",
    "statusReason": null,
    "writer": "writeAudit",
  },
  {
    "action": ""account.two_factor_disabled"",
    "after": "{ enabled: false, sessionsRevoked: true }",
    "before": "{ enabled: true }",
    "input": "{ action: "account.two_factor_disabled", actorId: context.actorId, after: { enabled: false, sessionsRevoked: true }, before: { enabled: true }, targetId: context.actorPublicId, targetType: "user", }",
    "occurrence": 1,
    "path": "lib/auth/two-factor-management.ts",
    "statusReason": null,
    "writer": "writeAudit",
  },
  {
    "action": ""account.two_factor_enrollment_verification_failed"",
    "after": "{ mode }",
    "before": null,
    "input": "{ action: "account.two_factor_enrollment_verification_failed", actorId: context.actorId, after: { mode }, status: "failed", statusReason: "New authenticator verification failed.", targetId: context.actorPublicId, targetType: "user", }",
    "occurrence": 1,
    "path": "lib/auth/two-factor-management.ts",
    "statusReason": ""New authenticator verification failed."",
    "writer": "writeAudit",
  },
  {
    "action": "mode === "replace" ? "account.two_factor_replacement_started" : "account.two_factor_enrollment_started"",
    "after": "{ expiresAt, mode }",
    "before": null,
    "input": "{ action: mode === "replace" ? "account.two_factor_replacement_started" : "account.two_factor_enrollment_started", actorId: context.actorId, after: { expiresAt, mode }, targetId: context.actorPublicId, targetType: "user", }",
    "occurrence": 1,
    "path": "lib/auth/two-factor-management.ts",
    "statusReason": null,
    "writer": "writeAudit",
  },
  {
    "action": "pending.value.mode === "replace" ? "account.two_factor_replaced" : "account.two_factor_enabled"",
    "after": "{ enabled: true }",
    "before": "{ enabled: context.twoFactorEnabled }",
    "input": "{ action: pending.value.mode === "replace" ? "account.two_factor_replaced" : "account.two_factor_enabled", actorId: context.actorId, after: { enabled: true }, before: { enabled: context.twoFactorEnabled }, targetId: context.actorPublicId, targetType: "user", }",
    "occurrence": 1,
    "path": "lib/auth/two-factor-management.ts",
    "statusReason": null,
    "writer": "writeAudit",
  },
  {
    "action": ""account.two_factor_step_up_failed"",
    "after": "{ operation }",
    "before": null,
    "input": "{ action: "account.two_factor_step_up_failed", actorId: context.actorId, after: { operation }, status: "failed", statusReason: reason, targetId: context.actorPublicId, targetType: "user", }",
    "occurrence": 1,
    "path": "lib/auth/two-factor-step-up.ts",
    "statusReason": "reason",
    "writer": "writeAudit",
  },
  {
    "action": ""signal.ingested"",
    "after": "{ id: signal.publicId, payload, source: "deploy", type: SIGNAL_TYPES.deployCompleted }",
    "before": null,
    "input": "{ action: "signal.ingested", actorId: input.actorId, after: { id: signal.publicId, payload, source: "deploy", type: SIGNAL_TYPES.deployCompleted }, projectId: input.projectId, targetId: signal.publicId, targetType: "signal", }",
    "occurrence": 1,
    "path": "lib/ingest/ingest-deploy-event.ts",
    "statusReason": null,
    "writer": "writeAudit",
  },
  {
    "action": ""cloud_import.export_package"",
    "after": "{ count }",
    "before": null,
    "input": "{ action: "cloud_import.export_package", actorId, after: { count }, projectId, targetId: requiredPublicAuditId(projectPublicId, "prj", "Project"), targetType: "project", }",
    "occurrence": 1,
    "path": "lib/keywords/export-audit.ts",
    "statusReason": null,
    "writer": "writeAudit",
  },
  {
    "action": "\`keyword.\${format}_export\`",
    "after": "{ count, format, scope }",
    "before": null,
    "input": "{ action: \`keyword.\${format}_export\`, actorId, after: { count, format, scope }, projectId, targetId: requiredPublicAuditId(projectPublicId, "prj", "Project"), targetType: "project", }",
    "occurrence": 1,
    "path": "lib/keywords/export-audit.ts",
    "statusReason": null,
    "writer": "writeAudit",
  },
  {
    "action": ""cloud_import.advance"",
    "after": "{ id: afterView.id, progress: afterView.progress, state: afterView.state }",
    "before": "{ id: beforeView.id, progress: beforeView.progress, state: beforeView.state }",
    "input": "{ action: "cloud_import.advance", actorId: input.actorId, after: { id: afterView.id, progress: afterView.progress, state: afterView.state }, before: { id: beforeView.id, progress: beforeView.progress, state: beforeView.state }, projectId: input.projectId, targetId: requiredPublicAuditId(afterView.id, "imp", "Instance import job"), targetType: "cloud_import_job", }",
    "occurrence": 1,
    "path": "lib/migration/job-service.ts",
    "statusReason": null,
    "writer": "writeAudit",
  },
  {
    "action": ""cloud_import.create"",
    "after": "{ jobId: view.id, state: job.state }",
    "before": null,
    "input": "{ action: "cloud_import.create", actorId: null, after: { jobId: view.id, state: job.state }, projectId: token.projectId, targetId: requiredPublicAuditId(view.id, "imp", "Instance import job"), targetType: "cloud_import_job", }",
    "occurrence": 1,
    "path": "lib/migration/job-service.ts",
    "statusReason": null,
    "writer": "writeAudit",
  },
  {
    "action": "action",
    "after": "{ id: projectId, writeMode: PROJECT_WRITE_MODE_ACTIVE }",
    "before": "{ id: projectId, writeMode: project.writeMode, writeModeChangedAt: project.writeModeChangedAt, }",
    "input": "{ action, actorId: null, after: { id: projectId, writeMode: PROJECT_WRITE_MODE_ACTIVE }, before: { id: projectId, writeMode: project.writeMode, writeModeChangedAt: project.writeModeChangedAt, }, projectId: project.id, targetId: projectId, targetType: "project", }",
    "occurrence": 1,
    "path": "lib/migration/stale-holds.ts",
    "statusReason": null,
    "writer": "writeAudit",
  },
  {
    "action": ""migration_token.revoke"",
    "after": "after",
    "before": "before",
    "input": "{ action: "migration_token.revoke", actorId: input.actorId, after, before, projectId: input.projectId, targetId: requiredPublicAuditId(after.id, "ferry", "Migration token"), targetType: "migration_token", }",
    "occurrence": 1,
    "path": "lib/migration/token-service.ts",
    "statusReason": null,
    "writer": "writeAudit",
  },
  {
    "action": "input.action",
    "after": "publicToken",
    "before": null,
    "input": "{ action: input.action, actorId: input.actorId, after: publicToken, projectId: input.projectId, targetId: requiredPublicAuditId(publicToken.id, "ferry", "Migration token"), targetType: "migration_token", }",
    "occurrence": 1,
    "path": "lib/migration/token-service.ts",
    "statusReason": null,
    "writer": "writeAudit",
  },
  {
    "action": "before ? "provider.update" : "provider.connect"",
    "after": "{ hasCredentials: true, ...(permissionLevel ? { permissionLevel } : {}), property, provider, }",
    "before": "before ? { hasCredentials: Boolean(before.credentialsEncrypted), property: previousProperty, provider, } : null",
    "input": "{ action: before ? "provider.update" : "provider.connect", actorId: context.actor.id, after: { hasCredentials: true, ...(permissionLevel ? { permissionLevel } : {}), property, provider, }, before: before ? { hasCredentials: Boolean(before.credentialsEncrypted), property: previousProperty, provider, } : null, projectId: context.project.id, targetId: requiredPublicAuditId(connection.publicId, "conn", "Provider connection"), targetType: "provider_connection", }",
    "occurrence": 1,
    "path": "lib/providers/analytics/google-oauth-pending.ts",
    "statusReason": null,
    "writer": "writeAudit",
  },
  {
    "action": ""provider.update"",
    "after": "{ hasCredentials: true, permissionLevel: selected.permissionLevel, property: selected.value, provider: context.provider, }",
    "before": "{ hasCredentials: Boolean(connection.credentialsEncrypted), property: credentials.login ?? null, provider: context.provider, }",
    "input": "{ action: "provider.update", actorId: context.actorId, after: { hasCredentials: true, permissionLevel: selected.permissionLevel, property: selected.value, provider: context.provider, }, before: { hasCredentials: Boolean(connection.credentialsEncrypted), property: credentials.login ?? null, provider: context.provider, }, projectId: context.projectId, targetId: requiredPublicAuditId(current.publicId, "conn", "Provider connection"), targetType: "provider_connection", }",
    "occurrence": 1,
    "path": "lib/providers/analytics/google-stored-property.ts",
    "statusReason": null,
    "writer": "writeAudit",
  },
  {
    "action": ""audit_log.view"",
    "after": null,
    "before": null,
    "input": "{ action: "audit_log.view", actorId: actor.id, projectId: project.id, targetId: project.publicId, targetType: "project", }",
    "occurrence": 1,
    "path": "lib/queries/audit.ts",
    "statusReason": null,
    "writer": "writeAudit",
  },
  {
    "action": ""rank_check.deferred"",
    "after": "{ keywordId: requiredPublicAuditId(task.keyword.publicId, "kw", "Rank-check"), provider: "dataforseo", reason, status: "deferred", }",
    "before": "{ status: "running" }",
    "input": "{ action: "rank_check.deferred", actorId: null, after: { keywordId: requiredPublicAuditId(task.keyword.publicId, "kw", "Rank-check"), provider: "dataforseo", reason, status: "deferred", }, before: { status: "running" }, projectId: task.keyword.projectId, targetId: requiredPublicAuditId(task.rankCheck.publicId, "check", "Rank-check"), targetType: "rank_check", }",
    "occurrence": 1,
    "path": "lib/rank-check/queued-lifecycle.ts",
    "statusReason": null,
    "writer": "writeAudit",
  },
  {
    "action": "input.deferredReason ? "rank_check.deferred" : "rank_check.running"",
    "after": "{ estimatedCostCents: input.deferredReason ? 0 : input.estimatedCostCents, keywordId: requiredPublicAuditId(input.keywordPublicId, "kw", "Rank-check"), provider: "dataforseo", ...(input.deferredReason ? { reason: input.deferredReason } : {}), status: input.deferredReason ? "deferred" : "running", }",
    "before": null,
    "input": "{ action: input.deferredReason ? "rank_check.deferred" : "rank_check.running", actorId: null, after: { estimatedCostCents: input.deferredReason ? 0 : input.estimatedCostCents, keywordId: requiredPublicAuditId(input.keywordPublicId, "kw", "Rank-check"), provider: "dataforseo", ...(input.deferredReason ? { reason: input.deferredReason } : {}), status: input.deferredReason ? "deferred" : "running", }, projectId: input.projectId, targetId: requiredPublicAuditId(input.publicId, "check", "Rank-check"), targetType: "rank_check", }",
    "occurrence": 1,
    "path": "lib/rank-check/queued-prepare.ts",
    "statusReason": null,
    "writer": "writeAudit",
  },
  {
    "action": ""rank_check.raw_purge"",
    "after": "{ batchSize: RANK_CHECK_RAW_PURGE_BATCH_SIZE, cutoff: current.cutoff.toISOString(), retentionDays: current.retentionDays, updatedCount: count, }",
    "before": null,
    "input": "{ action: "rank_check.raw_purge", actorId: null, after: { batchSize: RANK_CHECK_RAW_PURGE_BATCH_SIZE, cutoff: current.cutoff.toISOString(), retentionDays: current.retentionDays, updatedCount: count, }, projectId: null, targetId: "rank_checks", targetType: "system", }",
    "occurrence": 1,
    "path": "lib/rank-check/raw-retention-progress.ts",
    "statusReason": null,
    "writer": "writeAudit",
  },
  {
    "action": ""rank_check.raw_purge"",
    "after": "{ batchSize: RANK_CHECK_RAW_PURGE_BATCH_SIZE, cutoff: cutoff.toISOString(), retentionDays, updatedCount, }",
    "before": null,
    "input": "{ action: "rank_check.raw_purge", actorId: null, after: { batchSize: RANK_CHECK_RAW_PURGE_BATCH_SIZE, cutoff: cutoff.toISOString(), retentionDays, updatedCount, }, projectId: null, targetId: "rank_checks", targetType: "system", }",
    "occurrence": 1,
    "path": "lib/rank-check/raw-retention.ts",
    "statusReason": null,
    "writer": "writeAudit",
  },
  {
    "action": "input.action",
    "after": "{ keywordId: requiredPublicAuditId(input.keywordPublicId, "kw", "Rank-check"), ...(input.after as object), }",
    "before": "input.before",
    "input": "{ action: input.action, actorId: null, after: { keywordId: requiredPublicAuditId(input.keywordPublicId, "kw", "Rank-check"), ...(input.after as object), }, before: input.before, projectId: input.projectId, targetId: requiredPublicAuditId(input.rankCheckId, "check", "Rank-check"), targetType: "rank_check", }",
    "occurrence": 1,
    "path": "lib/rank-check/runner-persistence.ts",
    "statusReason": null,
    "writer": "writeAudit",
  },
  {
    "action": ""rank_check.stale_failed"",
    "after": "{ error: STALE_RUNNING_CHECK_ERROR, keywordId: requiredPublicAuditId(check.keyword.publicId, "kw", "Rank-check"), provider: check.provider, status: "failed", }",
    "before": "{ estimatedCostCents: check.estimatedCostCents, provider: check.provider, status: "running", }",
    "input": "{ action: "rank_check.stale_failed", actorId: null, after: { error: STALE_RUNNING_CHECK_ERROR, keywordId: requiredPublicAuditId(check.keyword.publicId, "kw", "Rank-check"), provider: check.provider, status: "failed", }, before: { estimatedCostCents: check.estimatedCostCents, provider: check.provider, status: "running", }, projectId: check.keyword.projectId, targetId: requiredPublicAuditId(check.publicId, "check", "Rank-check"), targetType: "rank_check", }",
    "occurrence": 1,
    "path": "lib/rank-check/stale-checks.ts",
    "statusReason": null,
    "writer": "writeAudit",
  },
  {
    "action": "digestSentAction",
    "after": "{ failedChecksCount: data.failedChecksCount, recipients: recipients.length, topMovers: data.topMovers.length, }",
    "before": null,
    "input": "{ action: digestSentAction, actorId: null, after: { failedChecksCount: data.failedChecksCount, recipients: recipients.length, topMovers: data.topMovers.length, }, projectId: project.id, targetId: project.publicId, targetType: "project", }",
    "occurrence": 1,
    "path": "lib/reports/weekly-digest-send.ts",
    "statusReason": null,
    "writer": "writeAudit",
  },
  {
    "action": ""saved_keyword.remove"",
    "after": null,
    "before": ""publicIds" in data ? { publicIds: data.publicIds } : { rows: data.rows }",
    "input": "{ action: "saved_keyword.remove", actorId: scope.actorId, before: "publicIds" in data ? { publicIds: data.publicIds } : { rows: data.rows }, projectId: scope.projectId, targetId: requiredPublicAuditId(scope.projectPublicId, "prj", "Project"), targetType: "project", }",
    "occurrence": 1,
    "path": "lib/saved-keywords/service.ts",
    "statusReason": null,
    "writer": "writeAudit",
  },
  {
    "action": ""saved_keyword.save"",
    "after": "{ duplicateCount: outcome.duplicateCount, savedCount: outcome.savedCount, }",
    "before": null,
    "input": "{ action: "saved_keyword.save", actorId: scope.actorId, after: { duplicateCount: outcome.duplicateCount, savedCount: outcome.savedCount, }, projectId: scope.projectId, targetId: requiredPublicAuditId(scope.projectPublicId, "prj", "Project"), targetType: "project", }",
    "occurrence": 1,
    "path": "lib/saved-keywords/service.ts",
    "statusReason": null,
    "writer": "writeAudit",
  },
  {
    "action": "context.enabled ? "sitemap_monitor.enable" : "sitemap_monitor.disable"",
    "after": "{ enabled: context.enabled }",
    "before": "{ enabled: project.sitemapMonitoringEnabled }",
    "input": "{ action: context.enabled ? "sitemap_monitor.enable" : "sitemap_monitor.disable", actorId, after: { enabled: context.enabled }, before: { enabled: project.sitemapMonitoringEnabled }, projectId: project.id, targetId: project.publicId, targetType: "sitemap_monitor", }",
    "occurrence": 1,
    "path": "lib/sitemap/monitors.ts",
    "statusReason": null,
    "writer": "writeAudit",
  },
  {
    "action": ""team.invite.create"",
    "after": "{ email: invite.email, expiresAt: invite.expiresAt, role: invite.role }",
    "before": null,
    "input": "{ action: "team.invite.create", actorId: context.auditActorId, after: { email: invite.email, expiresAt: invite.expiresAt, role: invite.role }, ...auditTarget(project.id, "invite", requiredPublicId(invite.publicId, "inv", "Invite")), }",
    "occurrence": 1,
    "path": "lib/team/service.ts",
    "statusReason": null,
    "writer": "writeAudit",
  },
  {
    "action": ""team.invite.resend"",
    "after": "{ email: invite.email, expiresAt: invite.expiresAt, role: invite.role }",
    "before": "{ email: before.email, expiresAt: before.expiresAt, role: before.role }",
    "input": "{ action: "team.invite.resend", actorId: context.auditActorId, after: { email: invite.email, expiresAt: invite.expiresAt, role: invite.role }, before: { email: before.email, expiresAt: before.expiresAt, role: before.role }, ...auditTarget(project.id, "invite", requiredPublicId(invite.publicId, "inv", "Invite")), }",
    "occurrence": 1,
    "path": "lib/team/service.ts",
    "statusReason": null,
    "writer": "writeAudit",
  },
  {
    "action": ""team.invite.revoke"",
    "after": null,
    "before": "{ email: invite.email, role: invite.role }",
    "input": "{ action: "team.invite.revoke", actorId: context.auditActorId, before: { email: invite.email, role: invite.role }, ...auditTarget(project.id, "invite", requiredPublicId(invite.publicId, "inv", "Invite")), }",
    "occurrence": 1,
    "path": "lib/team/service.ts",
    "statusReason": null,
    "writer": "writeAudit",
  },
  {
    "action": ""team.member.remove"",
    "after": null,
    "before": "{ role: member.role }",
    "input": "{ action: "team.member.remove", actorId: context.auditActorId, before: { role: member.role }, ...auditTarget( project.id, "membership", requiredPublicId(member.publicId, "mbr", "Membership"), ), }",
    "occurrence": 1,
    "path": "lib/team/service.ts",
    "statusReason": null,
    "writer": "writeAudit",
  },
  {
    "action": ""team.member.role_change"",
    "after": "{ role: member.role }",
    "before": "{ role: before.role }",
    "input": "{ action: "team.member.role_change", actorId: context.auditActorId, after: { role: member.role }, before: { role: before.role }, ...auditTarget( project.id, "membership", requiredPublicId(member.publicId, "mbr", "Membership"), ), }",
    "occurrence": 1,
    "path": "lib/team/service.ts",
    "statusReason": null,
    "writer": "writeAudit",
  },
  {
    "action": ""rank_check.deferred"",
    "after": "{ estimatedCostCents: Number(deferred.estimatedCostCents ?? 0), keywordId: requiredPublicAuditId(deferred.keyword.publicId, "kw", "Rank-check"), provider: deferred.provider, reason: input.reason, status: "deferred", }",
    "before": null,
    "input": "{ action: "rank_check.deferred", actorId: null, after: { estimatedCostCents: Number(deferred.estimatedCostCents ?? 0), keywordId: requiredPublicAuditId(deferred.keyword.publicId, "kw", "Rank-check"), provider: deferred.provider, reason: input.reason, status: "deferred", }, projectId: deferred.keyword.projectId, targetId: requiredPublicAuditId(deferred.publicId, "check", "Rank-check"), targetType: "rank_check", }",
    "occurrence": 1,
    "path": "lib/temporal/rank-check-activities.ts",
    "statusReason": null,
    "writer": "writeAudit",
  },
  {
    "action": ""rank_check.running"",
    "after": "{ estimatedCostCents: reservation.estimatedCostCents, keywordId: requiredPublicAuditId(reservation.keywordPublicId, "kw", "Rank-check"), provider: data.provider, status: "running", }",
    "before": null,
    "input": "{ action: "rank_check.running", actorId: null, after: { estimatedCostCents: reservation.estimatedCostCents, keywordId: requiredPublicAuditId(reservation.keywordPublicId, "kw", "Rank-check"), provider: data.provider, status: "running", }, projectId: reservation.projectId, targetId: requiredPublicAuditId(persisted.publicId, "check", "Rank-check"), targetType: "rank_check", }",
    "occurrence": 1,
    "path": "lib/temporal/rank-check-activities.ts",
    "statusReason": null,
    "writer": "writeAudit",
  },
  {
    "action": ""traffic.sync_now"",
    "after": "{ connections: summary.connections, keywordSnapshots: summary.keywordSnapshots, pageSnapshots: summary.pageSnapshots, skipped: summary.skipped.length, }",
    "before": null,
    "input": "{ action: "traffic.sync_now", actorId: input.actorId ?? null, after: { connections: summary.connections, keywordSnapshots: summary.keywordSnapshots, pageSnapshots: summary.pageSnapshots, skipped: summary.skipped.length, }, projectId: project.id, targetId: project.publicId, targetType: "project", }",
    "occurrence": 1,
    "path": "lib/traffic/sync-now.ts",
    "statusReason": null,
    "writer": "writeAudit",
  },
]
`;
